Archive member included to satisfy reference by file (symbol)

c:/program files (x86)/atollic/truestudio for stm32 9.3.0/armtools/bin/../lib/gcc/arm-atollic-eabi/6.3.1/../../../../arm-atollic-eabi/lib/armv7e-m/fpu\libc_nano.a(lib_a-errno.o)
                              Src\syscalls.o (__errno)
c:/program files (x86)/atollic/truestudio for stm32 9.3.0/armtools/bin/../lib/gcc/arm-atollic-eabi/6.3.1/../../../../arm-atollic-eabi/lib/armv7e-m/fpu\libc_nano.a(lib_a-impure.o)
                              c:/program files (x86)/atollic/truestudio for stm32 9.3.0/armtools/bin/../lib/gcc/arm-atollic-eabi/6.3.1/../../../../arm-atollic-eabi/lib/armv7e-m/fpu\libc_nano.a(lib_a-errno.o) (_impure_ptr)
c:/program files (x86)/atollic/truestudio for stm32 9.3.0/armtools/bin/../lib/gcc/arm-atollic-eabi/6.3.1/../../../../arm-atollic-eabi/lib/armv7e-m/fpu\libc_nano.a(lib_a-init.o)
                              startup\startup_stm32f407xx.o (__libc_init_array)
c:/program files (x86)/atollic/truestudio for stm32 9.3.0/armtools/bin/../lib/gcc/arm-atollic-eabi/6.3.1/../../../../arm-atollic-eabi/lib/armv7e-m/fpu\libc_nano.a(lib_a-memset.o)
                              Src\main.o (memset)
c:/program files (x86)/atollic/truestudio for stm32 9.3.0/armtools/bin/../lib/gcc/arm-atollic-eabi/6.3.1/armv7e-m/fpu\libgcc.a(_aeabi_uldivmod.o)
                              Drivers\STM32F4xx_HAL_Driver\Src\stm32f4xx_hal_rcc.o (__aeabi_uldivmod)
c:/program files (x86)/atollic/truestudio for stm32 9.3.0/armtools/bin/../lib/gcc/arm-atollic-eabi/6.3.1/armv7e-m/fpu\libgcc.a(_udivmoddi4.o)
                              c:/program files (x86)/atollic/truestudio for stm32 9.3.0/armtools/bin/../lib/gcc/arm-atollic-eabi/6.3.1/armv7e-m/fpu\libgcc.a(_aeabi_uldivmod.o) (__udivmoddi4)
c:/program files (x86)/atollic/truestudio for stm32 9.3.0/armtools/bin/../lib/gcc/arm-atollic-eabi/6.3.1/armv7e-m/fpu\libgcc.a(_dvmd_tls.o)
                              c:/program files (x86)/atollic/truestudio for stm32 9.3.0/armtools/bin/../lib/gcc/arm-atollic-eabi/6.3.1/armv7e-m/fpu\libgcc.a(_aeabi_uldivmod.o) (__aeabi_ldiv0)

Allocating common symbols
Common symbol       size              file

wz                  0x2               Src\main.o
BufferI2C           0x32              Src\main.o
hi2c1               0x54              Src\main.o
aly                 0x2               Src\main.o
qw                  0x2               Src\main.o
wx                  0x2               Src\main.o
uwTick              0x4               Drivers\STM32F4xx_HAL_Driver\Src\stm32f4xx_hal.o
gy                  0x2               Src\main.o
az                  0x2               Src\main.o
pFlash              0x20              Drivers\STM32F4xx_HAL_Driver\Src\stm32f4xx_hal_flash.o
my                  0x2               Src\main.o
ax                  0x2               Src\main.o
alz                 0x2               Src\main.o
qz                  0x2               Src\main.o
qx                  0x2               Src\main.o
gz                  0x2               Src\main.o
alx                 0x2               Src\main.o
mz                  0x2               Src\main.o
htim2               0x40              Src\main.o
wy                  0x2               Src\main.o
gx                  0x2               Src\main.o
qy                  0x2               Src\main.o
ay                  0x2               Src\main.o
mx                  0x2               Src\main.o

Discarded input sections

 .text          0x00000000        0x0 c:/program files (x86)/atollic/truestudio for stm32 9.3.0/armtools/bin/../lib/gcc/arm-atollic-eabi/6.3.1/armv7e-m/fpu/crti.o
 .data          0x00000000        0x0 c:/program files (x86)/atollic/truestudio for stm32 9.3.0/armtools/bin/../lib/gcc/arm-atollic-eabi/6.3.1/armv7e-m/fpu/crti.o
 .bss           0x00000000        0x0 c:/program files (x86)/atollic/truestudio for stm32 9.3.0/armtools/bin/../lib/gcc/arm-atollic-eabi/6.3.1/armv7e-m/fpu/crti.o
 .data          0x00000000        0x4 c:/program files (x86)/atollic/truestudio for stm32 9.3.0/armtools/bin/../lib/gcc/arm-atollic-eabi/6.3.1/armv7e-m/fpu/crtbegin.o
 .text          0x00000000        0x0 Drivers\STM32F4xx_HAL_Driver\Src\stm32f4xx_hal.o
 .data          0x00000000        0x0 Drivers\STM32F4xx_HAL_Driver\Src\stm32f4xx_hal.o
 .bss           0x00000000        0x0 Drivers\STM32F4xx_HAL_Driver\Src\stm32f4xx_hal.o
 .text.HAL_MspInit
                0x00000000        0x2 Drivers\STM32F4xx_HAL_Driver\Src\stm32f4xx_hal.o
 .text.HAL_MspDeInit
                0x00000000        0x2 Drivers\STM32F4xx_HAL_Driver\Src\stm32f4xx_hal.o
 .text.HAL_DeInit
                0x00000000       0x2c Drivers\STM32F4xx_HAL_Driver\Src\stm32f4xx_hal.o
 .text.HAL_GetTickPrio
                0x00000000        0xc Drivers\STM32F4xx_HAL_Driver\Src\stm32f4xx_hal.o
 .text.HAL_SetTickFreq
                0x00000000       0x24 Drivers\STM32F4xx_HAL_Driver\Src\stm32f4xx_hal.o
 .text.HAL_GetTickFreq
[...]
Memory Configuration

Name             Origin             Length             Attributes
RAM              0x20000000         0x00020000         xrw
CCMRAM           0x10000000         0x00010000         rw
FLASH            0x08000000         0x00080000         xr
*default*        0x00000000         0xffffffff

Linker script and memory map

LOAD c:/program files (x86)/atollic/truestudio for stm32 9.3.0/armtools/bin/../lib/gcc/arm-atollic-eabi/6.3.1/armv7e-m/fpu/crti.o
LOAD c:/program files (x86)/atollic/truestudio for stm32 9.3.0/armtools/bin/../lib/gcc/arm-atollic-eabi/6.3.1/armv7e-m/fpu/crtbegin.o
LOAD Drivers\STM32F4xx_HAL_Driver\Src\stm32f4xx_hal.o
LOAD Drivers\STM32F4xx_HAL_Driver\Src\stm32f4xx_hal_cortex.o
LOAD Drivers\STM32F4xx_HAL_Driver\Src\stm32f4xx_hal_dma.o
LOAD Drivers\STM32F4xx_HAL_Driver\Src\stm32f4xx_hal_dma_ex.o
LOAD Drivers\STM32F4xx_HAL_Driver\Src\stm32f4xx_hal_exti.o
LOAD Drivers\STM32F4xx_HAL_Driver\Src\stm32f4xx_hal_flash.o
LOAD Drivers\STM32F4xx_HAL_Driver\Src\stm32f4xx_hal_flash_ex.o
LOAD Drivers\STM32F4xx_HAL_Driver\Src\stm32f4xx_hal_flash_ramfunc.o
LOAD Drivers\STM32F4xx_HAL_Driver\Src\stm32f4xx_hal_gpio.o
LOAD Drivers\STM32F4xx_HAL_Driver\Src\stm32f4xx_hal_i2c.o
LOAD Drivers\STM32F4xx_HAL_Driver\Src\stm32f4xx_hal_i2c_ex.o
LOAD Drivers\STM32F4xx_HAL_Driver\Src\stm32f4xx_hal_pwr.o
LOAD Drivers\STM32F4xx_HAL_Driver\Src\stm32f4xx_hal_pwr_ex.o
LOAD Drivers\STM32F4xx_HAL_Driver\Src\stm32f4xx_hal_rcc.o
LOAD Drivers\STM32F4xx_HAL_Driver\Src\stm32f4xx_hal_rcc_ex.o
LOAD Drivers\STM32F4xx_HAL_Driver\Src\stm32f4xx_hal_tim.o
LOAD Drivers\STM32F4xx_HAL_Driver\Src\stm32f4xx_hal_tim_ex.o
LOAD Src\main.o
LOAD Src\stm32f4xx_hal_msp.o
LOAD Src\stm32f4xx_it.o
LOAD Src\syscalls.o
LOAD Src\system_stm32f4xx.o
LOAD startup\startup_stm32f407xx.o
                0x00000080                malloc_getpagesize_P = 0x80
START GROUP
LOAD c:/program files (x86)/atollic/truestudio for stm32 9.3.0/armtools/bin/../lib/gcc/arm-atollic-eabi/6.3.1/../../../../arm-atollic-eabi/lib/armv7e-m/fpu\libc_nano.a
LOAD c:/program files (x86)/atollic/truestudio for stm32 9.3.0/armtools/bin/../lib/gcc/arm-atollic-eabi/6.3.1/../../../../arm-atollic-eabi/lib/armv7e-m/fpu\libm.a
END GROUP
START GROUP
LOAD c:/program files (x86)/atollic/truestudio for stm32 9.3.0/armtools/bin/../lib/gcc/arm-atollic-eabi/6.3.1/armv7e-m/fpu\libgcc.a
LOAD c:/program files (x86)/atollic/truestudio for stm32 9.3.0/armtools/bin/../lib/gcc/arm-atollic-eabi/6.3.1/../../../../arm-atollic-eabi/lib/armv7e-m/fpu\libc_nano.a
END GROUP
START GROUP
LOAD c:/program files (x86)/atollic/truestudio for stm32 9.3.0/armtools/bin/../lib/gcc/arm-atollic-eabi/6.3.1/armv7e-m/fpu\libgcc.a
LOAD c:/program files (x86)/atollic/truestudio for stm32 9.3.0/armtools/bin/../lib/gcc/arm-atollic-eabi/6.3.1/../../../../arm-atollic-eabi/lib/armv7e-m/fpu\libc_nano.a
LOAD c:/program files (x86)/atollic/truestudio for stm32 9.3.0/armtools/bin/../lib/gcc/arm-atollic-eabi/6.3.1/../../../../arm-atollic-eabi/lib/armv7e-m/fpu\libnosys.a
END GROUP
START GROUP
LOAD c:/program files (x86)/atollic/truestudio for stm32 9.3.0/armtools/bin/../lib/gcc/arm-atollic-eabi/6.3.1/armv7e-m/fpu\libgcc.a
LOAD c:/program files (x86)/atollic/truestudio for stm32 9.3.0/armtools/bin/../lib/gcc/arm-atollic-eabi/6.3.1/../../../../arm-atollic-eabi/lib/armv7e-m/fpu\libc_nano.a
LOAD c:/program files (x86)/atollic/truestudio for stm32 9.3.0/armtools/bin/../lib/gcc/arm-atollic-eabi/6.3.1/../../../../arm-atollic-eabi/lib/armv7e-m/fpu\libnosys.a
END GROUP
LOAD c:/program files (x86)/atollic/truestudio for stm32 9.3.0/armtools/bin/../lib/gcc/arm-atollic-eabi/6.3.1/armv7e-m/fpu/crtend.o
LOAD c:/program files (x86)/atollic/truestudio for stm32 9.3.0/armtools/bin/../lib/gcc/arm-atollic-eabi/6.3.1/armv7e-m/fpu/crtn.o
                0x20020000                _estack = 0x20020000
                0x00000200                _Min_Heap_Size = 0x200
                0x00000400                _Min_Stack_Size = 0x400

.isr_vector     0x08000000      0x188
                0x08000000                . = ALIGN (0x4)
 *(.isr_vector)
 .isr_vector    0x08000000      0x188 startup\startup_stm32f407xx.o
                0x08000000                g_pfnVectors
                0x08000188                . = ALIGN (0x4)

.text           0x08000188     0x1fcc
                0x08000188                . = ALIGN (0x4)
 *(.text)
 .text          0x08000188       0x40 c:/program files (x86)/atollic/truestudio for stm32 9.3.0/armtools/bin/../lib/gcc/arm-atollic-eabi/6.3.1/armv7e-m/fpu/crtbegin.o
 .text          0x080001c8       0x30 c:/program files (x86)/atollic/truestudio for stm32 9.3.0/armtools/bin/../lib/gcc/arm-atollic-eabi/6.3.1/armv7e-m/fpu\libgcc.a(_aeabi_uldivmod.o)
                0x080001c8                __aeabi_uldivmod
 .text          0x080001f8      0x2dc c:/program files (x86)/atollic/truestudio for stm32 9.3.0/armtools/bin/../lib/gcc/arm-atollic-eabi/6.3.1/armv7e-m/fpu\libgcc.a(_udivmoddi4.o)
                0x080001f8                __udivmoddi4
 .text          0x080004d4        0x4 c:/program files (x86)/atollic/truestudio for stm32 9.3.0/armtools/bin/../lib/gcc/arm-atollic-eabi/6.3.1/armv7e-m/fpu\libgcc.a(_dvmd_tls.o)
                0x080004d4                __aeabi_idiv0
                0x080004d4                __aeabi_ldiv0
 *(.text*)
 .text.HAL_InitTick
                0x080004d8       0x48 Drivers\STM32F4xx_HAL_Driver\Src\stm32f4xx_hal.o
                0x080004d8                HAL_InitTick
 .text.HAL_Init
                0x08000520       0x34 Drivers\STM32F4xx_HAL_Driver\Src\stm32f4xx_hal.o
                0x08000520                HAL_Init
 .text.HAL_IncTick
                0x08000554       0x18 Drivers\STM32F4xx_HAL_Driver\Src\stm32f4xx_hal.o
                0x08000554                HAL_IncTick
 .text.HAL_GetTick
                0x0800056c        0xc Drivers\STM32F4xx_HAL_Driver\Src\stm32f4xx_hal.o
                0x0800056c                HAL_GetTick
 .text.HAL_Delay
                0x08000578       0x28 Drivers\STM32F4xx_HAL_Driver\Src\stm32f4xx_hal.o
                0x08000578                HAL_Delay
 .text.HAL_NVIC_SetPriorityGrouping
                0x080005a0       0x24 Drivers\STM32F4xx_HAL_Driver\Src\stm32f4xx_hal_cortex.o
                0x080005a0                HAL_NVIC_SetPriorityGrouping
 .text.HAL_NVIC_SetPriority
                0x080005c4       0x68 Drivers\STM32F4xx_HAL_Driver\Src\stm32f4xx_hal_cortex.o
                0x080005c4                HAL_NVIC_SetPriority
 .text.HAL_NVIC_EnableIRQ
                0x0800062c       0x1c Drivers\STM32F4xx_HAL_Driver\Src\stm32f4xx_hal_cortex.o
                0x0800062c                HAL_NVIC_EnableIRQ
 .text.HAL_SYSTICK_Config
                0x08000648       0x2c Drivers\STM32F4xx_HAL_Driver\Src\stm32f4xx_hal_cortex.o
                0x08000648                HAL_SYSTICK_Config
 .text.HAL_GPIO_Init
                0x08000674      0x1c0 Drivers\STM32F4xx_HAL_Driver\Src\stm32f4xx_hal_gpio.o
                0x08000674                HAL_GPIO_Init
 .text.I2C_IsAcknowledgeFailed
                0x08000834       0x34 Drivers\STM32F4xx_HAL_Driver\Src\stm32f4xx_hal_i2c.o
 .text.I2C_WaitOnMasterAddressFlagUntilTimeout
                0x08000868       0x8a Drivers\STM32F4xx_HAL_Driver\Src\stm32f4xx_hal_i2c.o
 .text.I2C_WaitOnBTFFlagUntilTimeout
                0x080008f2       0x4c Drivers\STM32F4xx_HAL_Driver\Src\stm32f4xx_hal_i2c.o
 .text.I2C_WaitOnRXNEFlagUntilTimeout
                0x0800093e       0x5e Drivers\STM32F4xx_HAL_Driver\Src\stm32f4xx_hal_i2c.o
 .text.I2C_WaitOnFlagUntilTimeout
                0x0800099c       0x64 Drivers\STM32F4xx_HAL_Driver\Src\stm32f4xx_hal_i2c.o
 .text.I2C_WaitOnTXEFlagUntilTimeout
                0x08000a00       0x4c Drivers\STM32F4xx_HAL_Driver\Src\stm32f4xx_hal_i2c.o
 .text.HAL_I2C_Init
                0x08000a4c      0x148 Drivers\STM32F4xx_HAL_Driver\Src\stm32f4xx_hal_i2c.o
                0x08000a4c                HAL_I2C_Init
 .text.HAL_I2C_Master_Transmit
                0x08000b94      0x19c Drivers\STM32F4xx_HAL_Driver\Src\stm32f4xx_hal_i2c.o
                0x08000b94                HAL_I2C_Master_Transmit
 .text.HAL_I2C_Master_Receive
                0x08000d30      0x2dc Drivers\STM32F4xx_HAL_Driver\Src\stm32f4xx_hal_i2c.o
                0x08000d30                HAL_I2C_Master_Receive
 .text.HAL_I2C_IsDeviceReady
                0x0800100c      0x150 Drivers\STM32F4xx_HAL_Driver\Src\stm32f4xx_hal_i2c.o
                0x0800100c                HAL_I2C_IsDeviceReady
 .text.HAL_RCC_OscConfig
                0x0800115c      0x304 Drivers\STM32F4xx_HAL_Driver\Src\stm32f4xx_hal_rcc.o
                0x0800115c                HAL_RCC_OscConfig
 .text.HAL_RCC_GetSysClockFreq
                0x08001460       0x5c Drivers\STM32F4xx_HAL_Driver\Src\stm32f4xx_hal_rcc.o
                0x08001460                HAL_RCC_GetSysClockFreq
 .text.HAL_RCC_ClockConfig
                0x080014bc      0x134 Drivers\STM32F4xx_HAL_Driver\Src\stm32f4xx_hal_rcc.o
                0x080014bc                HAL_RCC_ClockConfig
 .text.HAL_RCC_GetPCLK1Freq
                0x080015f0       0x20 Drivers\STM32F4xx_HAL_Driver\Src\stm32f4xx_hal_rcc.o
                0x080015f0                HAL_RCC_GetPCLK1Freq
 .text.HAL_TIM_Base_Start_IT
                0x08001610       0x20 Drivers\STM32F4xx_HAL_Driver\Src\stm32f4xx_hal_tim.o
                0x08001610                HAL_TIM_Base_Start_IT
 .text.HAL_TIM_OC_DelayElapsedCallback
                0x08001630        0x2 Drivers\STM32F4xx_HAL_Driver\Src\stm32f4xx_hal_tim.o
                0x08001630                HAL_TIM_OC_DelayElapsedCallback
 .text.HAL_TIM_IC_CaptureCallback
                0x08001632        0x2 Drivers\STM32F4xx_HAL_Driver\Src\stm32f4xx_hal_tim.o
                0x08001632                HAL_TIM_IC_CaptureCallback
 .text.HAL_TIM_PWM_PulseFinishedCallback
                0x08001634        0x2 Drivers\STM32F4xx_HAL_Driver\Src\stm32f4xx_hal_tim.o
                0x08001634                HAL_TIM_PWM_PulseFinishedCallback
 .text.HAL_TIM_TriggerCallback
                0x08001636        0x2 Drivers\STM32F4xx_HAL_Driver\Src\stm32f4xx_hal_tim.o
                0x08001636                HAL_TIM_TriggerCallback
 .text.HAL_TIM_IRQHandler
                0x08001638      0x144 Drivers\STM32F4xx_HAL_Driver\Src\stm32f4xx_hal_tim.o
                0x08001638                HAL_TIM_IRQHandler
 .text.TIM_Base_SetConfig
                0x0800177c       0xcc Drivers\STM32F4xx_HAL_Driver\Src\stm32f4xx_hal_tim.o
                0x0800177c                TIM_Base_SetConfig
 .text.HAL_TIM_Base_Init
                0x08001848       0x34 Drivers\STM32F4xx_HAL_Driver\Src\stm32f4xx_hal_tim.o
                0x08001848                HAL_TIM_Base_Init
 .text.TIM_ETR_SetConfig
                0x0800187c       0x14 Drivers\STM32F4xx_HAL_Driver\Src\stm32f4xx_hal_tim.o
                0x0800187c                TIM_ETR_SetConfig
 .text.HAL_TIM_ConfigClockSource
                0x08001890      0x128 Drivers\STM32F4xx_HAL_Driver\Src\stm32f4xx_hal_tim.o
                0x08001890                HAL_TIM_ConfigClockSource
 .text.HAL_TIMEx_MasterConfigSynchronization
                0x080019b8       0x3c Drivers\STM32F4xx_HAL_Driver\Src\stm32f4xx_hal_tim_ex.o
                0x080019b8                HAL_TIMEx_MasterConfigSynchronization
 .text.HAL_TIMEx_CommutCallback
                0x080019f4        0x2 Drivers\STM32F4xx_HAL_Driver\Src\stm32f4xx_hal_tim_ex.o
                0x080019f4                HAL_TIMEx_CommutCallback
 .text.HAL_TIMEx_BreakCallback
                0x080019f6        0x2 Drivers\STM32F4xx_HAL_Driver\Src\stm32f4xx_hal_tim_ex.o
                0x080019f6                HAL_TIMEx_BreakCallback
 .text.SystemClock_Config
                0x080019f8       0x98 Src\main.o
                0x080019f8                SystemClock_Config
 .text.ini_BNO055
                0x08001a90       0x84 Src\main.o
                0x08001a90                ini_BNO055
 .text.setup_BNO055
                0x08001b14      0x1e8 Src\main.o
                0x08001b14                setup_BNO055
 .text.startup.main
                0x08001cfc       0xc0 Src\main.o
                0x08001cfc                main
 .text.HAL_TIM_PeriodElapsedCallback
                0x08001dbc      0x188 Src\main.o
                0x08001dbc                HAL_TIM_PeriodElapsedCallback
 .text.HAL_MspInit
                0x08001f44       0x38 Src\stm32f4xx_hal_msp.o
                0x08001f44                HAL_MspInit
 .text.HAL_I2C_MspInit
                0x08001f7c       0x70 Src\stm32f4xx_hal_msp.o
                0x08001f7c                HAL_I2C_MspInit
 .text.HAL_TIM_Base_MspInit
                0x08001fec       0x38 Src\stm32f4xx_hal_msp.o
                0x08001fec                HAL_TIM_Base_MspInit
 .text.NMI_Handler
                0x08002024        0x2 Src\stm32f4xx_it.o
                0x08002024                NMI_Handler
 .text.HardFault_Handler
                0x08002026        0x2 Src\stm32f4xx_it.o
                0x08002026                HardFault_Handler
 .text.MemManage_Handler
                0x08002028        0x2 Src\stm32f4xx_it.o
                0x08002028                MemManage_Handler
 .text.BusFault_Handler
                0x0800202a        0x2 Src\stm32f4xx_it.o
                0x0800202a                BusFault_Handler
 .text.UsageFault_Handler
                0x0800202c        0x2 Src\stm32f4xx_it.o
                0x0800202c                UsageFault_Handler
 .text.SVC_Handler
                0x0800202e        0x2 Src\stm32f4xx_it.o
                0x0800202e                SVC_Handler
 .text.DebugMon_Handler
                0x08002030        0x2 Src\stm32f4xx_it.o
                0x08002030                DebugMon_Handler
 .text.PendSV_Handler
                0x08002032        0x2 Src\stm32f4xx_it.o
                0x08002032                PendSV_Handler
 .text.SysTick_Handler
                0x08002034        0x4 Src\stm32f4xx_it.o
                0x08002034                SysTick_Handler
 .text.TIM2_IRQHandler
                0x08002038        0xc Src\stm32f4xx_it.o
                0x08002038                TIM2_IRQHandler
 .text.SystemInit
                0x08002044       0x4c Src\system_stm32f4xx.o
                0x08002044                SystemInit
 .text.Reset_Handler
                0x08002090       0x50 startup\startup_stm32f407xx.o
                0x08002090                Reset_Handler
 .text.Default_Handler
                0x080020e0        0x2 startup\startup_stm32f407xx.o
                0x080020e0                RTC_Alarm_IRQHandler
                0x080020e0                HASH_RNG_IRQHandler
                0x080020e0                EXTI2_IRQHandler
                0x080020e0                TIM8_CC_IRQHandler
                0x080020e0                TIM1_CC_IRQHandler
                0x080020e0                DMA2_Stream5_IRQHandler
                0x080020e0                DMA1_Stream5_IRQHandler
                0x080020e0                PVD_IRQHandler
                0x080020e0                SDIO_IRQHandler
                0x080020e0                TAMP_STAMP_IRQHandler
                0x080020e0                CAN2_RX1_IRQHandler
                0x080020e0                EXTI3_IRQHandler
                0x080020e0                TIM8_TRG_COM_TIM14_IRQHandler
                0x080020e0                TIM1_UP_TIM10_IRQHandler
                0x080020e0                TIM8_UP_TIM13_IRQHandler
                0x080020e0                I2C3_ER_IRQHandler
                0x080020e0                EXTI0_IRQHandler
                0x080020e0                I2C2_EV_IRQHandler
                0x080020e0                DMA1_Stream2_IRQHandler
                0x080020e0                CAN1_RX0_IRQHandler
                0x080020e0                FPU_IRQHandler
                0x080020e0                OTG_HS_WKUP_IRQHandler
                0x080020e0                CAN2_SCE_IRQHandler
                0x080020e0                DMA2_Stream2_IRQHandler
                0x080020e0                SPI1_IRQHandler
                0x080020e0                TIM6_DAC_IRQHandler
                0x080020e0                TIM1_BRK_TIM9_IRQHandler
                0x080020e0                DCMI_IRQHandler
                0x080020e0                CAN2_RX0_IRQHandler
                0x080020e0                DMA2_Stream3_IRQHandler
                0x080020e0                USART6_IRQHandler
                0x080020e0                USART3_IRQHandler
                0x080020e0                CAN1_RX1_IRQHandler
                0x080020e0                UART5_IRQHandler
                0x080020e0                DMA2_Stream0_IRQHandler
                0x080020e0                TIM4_IRQHandler
                0x080020e0                I2C1_EV_IRQHandler
                0x080020e0                DMA1_Stream6_IRQHandler
                0x080020e0                DMA1_Stream1_IRQHandler
                0x080020e0                UART4_IRQHandler
                0x080020e0                TIM3_IRQHandler
                0x080020e0                RCC_IRQHandler
                0x080020e0                TIM8_BRK_TIM12_IRQHandler
                0x080020e0                Default_Handler
                0x080020e0                EXTI15_10_IRQHandler
                0x080020e0                ADC_IRQHandler
                0x080020e0                DMA1_Stream7_IRQHandler
                0x080020e0                TIM7_IRQHandler
                0x080020e0                CAN2_TX_IRQHandler
                0x080020e0                TIM5_IRQHandler
                0x080020e0                DMA2_Stream7_IRQHandler
                0x080020e0                I2C3_EV_IRQHandler
                0x080020e0                EXTI9_5_IRQHandler
                0x080020e0                RTC_WKUP_IRQHandler
                0x080020e0                ETH_WKUP_IRQHandler
                0x080020e0                SPI2_IRQHandler
                0x080020e0                OTG_HS_EP1_IN_IRQHandler
                0x080020e0                DMA1_Stream0_IRQHandler
                0x080020e0                CAN1_TX_IRQHandler
                0x080020e0                EXTI4_IRQHandler
                0x080020e0                FSMC_IRQHandler
                0x080020e0                ETH_IRQHandler
                0x080020e0                OTG_HS_EP1_OUT_IRQHandler
                0x080020e0                WWDG_IRQHandler
                0x080020e0                OTG_FS_WKUP_IRQHandler
                0x080020e0                TIM1_TRG_COM_TIM11_IRQHandler
                0x080020e0                OTG_HS_IRQHandler
                0x080020e0                EXTI1_IRQHandler
                0x080020e0                USART2_IRQHandler
                0x080020e0                I2C2_ER_IRQHandler
                0x080020e0                DMA2_Stream1_IRQHandler
                0x080020e0                CAN1_SCE_IRQHandler
                0x080020e0                FLASH_IRQHandler
                0x080020e0                DMA2_Stream4_IRQHandler
                0x080020e0                USART1_IRQHandler
                0x080020e0                OTG_FS_IRQHandler
                0x080020e0                SPI3_IRQHandler
                0x080020e0                DMA1_Stream4_IRQHandler
                0x080020e0                I2C1_ER_IRQHandler
                0x080020e0                DMA2_Stream6_IRQHandler
                0x080020e0                DMA1_Stream3_IRQHandler
 *fill*         0x080020e2        0x2 
 .text.__libc_init_array
                0x080020e4       0x48 c:/program files (x86)/atollic/truestudio for stm32 9.3.0/armtools/bin/../lib/gcc/arm-atollic-eabi/6.3.1/../../../../arm-atollic-eabi/lib/armv7e-m/fpu\libc_nano.a(lib_a-init.o)
                0x080020e4                __libc_init_array
 .text.memset   0x0800212c       0x10 c:/program files (x86)/atollic/truestudio for stm32 9.3.0/armtools/bin/../lib/gcc/arm-atollic-eabi/6.3.1/../../../../arm-atollic-eabi/lib/armv7e-m/fpu\libc_nano.a(lib_a-memset.o)
                0x0800212c                memset
 *(.glue_7)
 .glue_7        0x0800213c        0x0 linker stubs
 *(.glue_7t)
 .glue_7t       0x0800213c        0x0 linker stubs
 *(.eh_frame)
 .eh_frame      0x0800213c        0x0 c:/program files (x86)/atollic/truestudio for stm32 9.3.0/armtools/bin/../lib/gcc/arm-atollic-eabi/6.3.1/armv7e-m/fpu/crtbegin.o
 *(.init)
 .init          0x0800213c        0x4 c:/program files (x86)/atollic/truestudio for stm32 9.3.0/armtools/bin/../lib/gcc/arm-atollic-eabi/6.3.1/armv7e-m/fpu/crti.o
                0x0800213c                _init
 .init          0x08002140        0x8 c:/program files (x86)/atollic/truestudio for stm32 9.3.0/armtools/bin/../lib/gcc/arm-atollic-eabi/6.3.1/armv7e-m/fpu/crtn.o
 *(.fini)
 .fini          0x08002148        0x4 c:/program files (x86)/atollic/truestudio for stm32 9.3.0/armtools/bin/../lib/gcc/arm-atollic-eabi/6.3.1/armv7e-m/fpu/crti.o
                0x08002148                _fini
 .fini          0x0800214c        0x8 c:/program files (x86)/atollic/truestudio for stm32 9.3.0/armtools/bin/../lib/gcc/arm-atollic-eabi/6.3.1/armv7e-m/fpu/crtn.o
                0x08002154                . = ALIGN (0x4)
                0x08002154                _etext = .

.vfp11_veneer   0x08002154        0x0
 .vfp11_veneer  0x08002154        0x0 linker stubs

.v4_bx          0x08002154        0x0
 .v4_bx         0x08002154        0x0 linker stubs

.iplt           0x08002154        0x0
 .iplt          0x08002154        0x0 c:/program files (x86)/atollic/truestudio for stm32 9.3.0/armtools/bin/../lib/gcc/arm-atollic-eabi/6.3.1/armv7e-m/fpu/crtbegin.o

.rodata         0x08002154       0x18
                0x08002154                . = ALIGN (0x4)
 *(.rodata)
 *(.rodata*)
 .rodata.AHBPrescTable
                0x08002154       0x10 Src\system_stm32f4xx.o
                0x08002154                AHBPrescTable
 .rodata.APBPrescTable
                0x08002164        0x8 Src\system_stm32f4xx.o
                0x08002164                APBPrescTable
                0x0800216c                . = ALIGN (0x4)

.ARM.extab
 *(.ARM.extab* .gnu.linkonce.armextab.*)

.ARM            0x0800216c        0x8
                0x0800216c                __exidx_start = .
 *(.ARM.exidx*)
 .ARM.exidx     0x0800216c        0x8 c:/program files (x86)/atollic/truestudio for stm32 9.3.0/armtools/bin/../lib/gcc/arm-atollic-eabi/6.3.1/armv7e-m/fpu\libgcc.a(_udivmoddi4.o)
                0x08002174                __exidx_end = .

.rel.dyn        0x08002174        0x0
 .rel.iplt      0x08002174        0x0 c:/program files (x86)/atollic/truestudio for stm32 9.3.0/armtools/bin/../lib/gcc/arm-atollic-eabi/6.3.1/armv7e-m/fpu/crtbegin.o

.preinit_array  0x08002174        0x0
                0x08002174                PROVIDE (__preinit_array_start, .)
 *(.preinit_array*)
                0x08002174                PROVIDE (__preinit_array_end, .)

.init_array     0x08002174        0x4
                0x08002174                PROVIDE (__init_array_start, .)
 *(SORT(.init_array.*))
 *(.init_array*)
 .init_array    0x08002174        0x4 c:/program files (x86)/atollic/truestudio for stm32 9.3.0/armtools/bin/../lib/gcc/arm-atollic-eabi/6.3.1/armv7e-m/fpu/crtbegin.o
                0x08002178                PROVIDE (__init_array_end, .)

.fini_array     0x08002178        0x4
                [!provide]                PROVIDE (__fini_array_start, .)
 *(SORT(.fini_array.*))
 *(.fini_array*)
 .fini_array    0x08002178        0x4 c:/program files (x86)/atollic/truestudio for stm32 9.3.0/armtools/bin/../lib/gcc/arm-atollic-eabi/6.3.1/armv7e-m/fpu/crtbegin.o
                [!provide]                PROVIDE (__fini_array_end, .)
                0x0800217c                _sidata = LOADADDR (.data)

.data           0x20000000        0xc load address 0x0800217c
                0x20000000                . = ALIGN (0x4)
                0x20000000                _sdata = .
 *(.data)
 *(.data*)
 .data.uwTickFreq
                0x20000000        0x1 Drivers\STM32F4xx_HAL_Driver\Src\stm32f4xx_hal.o
                0x20000000                uwTickFreq
 *fill*         0x20000001        0x3 
 .data.uwTickPrio
                0x20000004        0x4 Drivers\STM32F4xx_HAL_Driver\Src\stm32f4xx_hal.o
                0x20000004                uwTickPrio
 .data.SystemCoreClock
                0x20000008        0x4 Src\system_stm32f4xx.o
                0x20000008                SystemCoreClock
                0x2000000c                . = ALIGN (0x4)
                0x2000000c                _edata = .
                0x08002188                _siccmram = LOADADDR (.ccmram)

.igot.plt       0x2000000c        0x0 load address 0x08002188
 .igot.plt      0x2000000c        0x0 c:/program files (x86)/atollic/truestudio for stm32 9.3.0/armtools/bin/../lib/gcc/arm-atollic-eabi/6.3.1/armv7e-m/fpu/crtbegin.o

.ccmram         0x10000000        0x0 load address 0x08002188
                0x10000000                . = ALIGN (0x4)
                0x10000000                _sccmram = .
 *(.ccmram)
 *(.ccmram*)
                0x10000000                . = ALIGN (0x4)
                0x10000000                _eccmram = .
                0x10000000                . = ALIGN (0x4)

.bss            0x2000000c      0x110
                0x2000000c                _sbss = .
                0x2000000c                __bss_start__ = _sbss
 *(.bss)
 .bss           0x2000000c       0x1c c:/program files (x86)/atollic/truestudio for stm32 9.3.0/armtools/bin/../lib/gcc/arm-atollic-eabi/6.3.1/armv7e-m/fpu/crtbegin.o
 *(.bss*)
 *(COMMON)
 COMMON         0x20000028        0x4 Drivers\STM32F4xx_HAL_Driver\Src\stm32f4xx_hal.o
                0x20000028                uwTick
 COMMON         0x2000002c       0xee Src\main.o
                0x2000002c                wz
                0x2000002e                BufferI2C
                0x20000060                hi2c1
                0x200000b4                aly
                0x200000b6                qw
                0x200000b8                wx
                0x200000ba                gy
                0x200000bc                az
                0x200000be                my
                0x200000c0                ax
                0x200000c2                alz
                0x200000c4                qz
                0x200000c6                qx
                0x200000c8                gz
                0x200000ca                alx
                0x200000cc                mz
                0x200000d0                htim2
                0x20000110                wy
                0x20000112                gx
                0x20000114                qy
                0x20000116                ay
                0x20000118                mx
                0x2000011c                . = ALIGN (0x4)
 *fill*         0x2000011a        0x2 
                0x2000011c                _ebss = .
                0x2000011c                __bss_end__ = _ebss

._user_heap_stack
                0x2000011c      0x600
                0x2000011c                . = ALIGN (0x4)
                0x2000011c                PROVIDE (end, .)
                [!provide]                PROVIDE (_end, .)
                0x2000031c                . = (. + _Min_Heap_Size)
 *fill*         0x2000011c      0x200 
                0x2000071c                . = (. + _Min_Stack_Size)
 *fill*         0x2000031c      0x400 
                0x2000071c                . = ALIGN (0x4)

/DISCARD/
 libc.a(*)
 libm.a(*)
 libgcc.a(*)

.ARM.attributes
                0x00000000       0x30
 *(.ARM.attributes)
 .ARM.attributes
                0x00000000       0x22 c:/program files (x86)/atollic/truestudio for stm32 9.3.0/armtools/bin/../lib/gcc/arm-atollic-eabi/6.3.1/armv7e-m/fpu/crti.o
 .ARM.attributes
                0x00000022       0x34 c:/program files (x86)/atollic/truestudio for stm32 9.3.0/armtools/bin/../lib/gcc/arm-atollic-eabi/6.3.1/armv7e-m/fpu/crtbegin.o
 .ARM.attributes
                0x00000056       0x39 Drivers\STM32F4xx_HAL_Driver\Src\stm32f4xx_hal.o
 .ARM.attributes
                0x0000008f       0x39 Drivers\STM32F4xx_HAL_Driver\Src\stm32f4xx_hal_cortex.o
 .ARM.attributes
                0x000000c8       0x39 Drivers\STM32F4xx_HAL_Driver\Src\stm32f4xx_hal_gpio.o
 .ARM.attributes
                0x00000101       0x39 Drivers\STM32F4xx_HAL_Driver\Src\stm32f4xx_hal_i2c.o
 .ARM.attributes
                0x0000013a       0x39 Drivers\STM32F4xx_HAL_Driver\Src\stm32f4xx_hal_rcc.o
 .ARM.attributes
                0x00000173       0x39 Drivers\STM32F4xx_HAL_Driver\Src\stm32f4xx_hal_tim.o
 .ARM.attributes
                0x000001ac       0x39 Drivers\STM32F4xx_HAL_Driver\Src\stm32f4xx_hal_tim_ex.o
 .ARM.attributes
                0x000001e5       0x39 Src\main.o
 .ARM.attributes
                0x0000021e       0x39 Src\stm32f4xx_hal_msp.o
 .ARM.attributes
                0x00000257       0x39 Src\stm32f4xx_it.o
 .ARM.attributes
                0x00000290       0x39 Src\system_stm32f4xx.o
 .ARM.attributes
                0x000002c9       0x21 startup\startup_stm32f407xx.o
 .ARM.attributes
                0x000002ea       0x34 c:/program files (x86)/atollic/truestudio for stm32 9.3.0/armtools/bin/../lib/gcc/arm-atollic-eabi/6.3.1/../../../../arm-atollic-eabi/lib/armv7e-m/fpu\libc_nano.a(lib_a-init.o)
 .ARM.attributes
                0x0000031e       0x34 c:/program files (x86)/atollic/truestudio for stm32 9.3.0/armtools/bin/../lib/gcc/arm-atollic-eabi/6.3.1/../../../../arm-atollic-eabi/lib/armv7e-m/fpu\libc_nano.a(lib_a-memset.o)
 .ARM.attributes
                0x00000352       0x22 c:/program files (x86)/atollic/truestudio for stm32 9.3.0/armtools/bin/../lib/gcc/arm-atollic-eabi/6.3.1/armv7e-m/fpu\libgcc.a(_aeabi_uldivmod.o)
 .ARM.attributes
                0x00000374       0x34 c:/program files (x86)/atollic/truestudio for stm32 9.3.0/armtools/bin/../lib/gcc/arm-atollic-eabi/6.3.1/armv7e-m/fpu\libgcc.a(_udivmoddi4.o)
 .ARM.attributes
                0x000003a8       0x22 c:/program files (x86)/atollic/truestudio for stm32 9.3.0/armtools/bin/../lib/gcc/arm-atollic-eabi/6.3.1/armv7e-m/fpu\libgcc.a(_dvmd_tls.o)
 .ARM.attributes
                0x000003ca       0x22 c:/program files (x86)/atollic/truestudio for stm32 9.3.0/armtools/bin/../lib/gcc/arm-atollic-eabi/6.3.1/armv7e-m/fpu/crtn.o
OUTPUT(BNO055.elf elf32-littlearm)

.debug_info     0x00000000     0xd70e
 .debug_info    0x00000000      0x9ef Drivers\STM32F4xx_HAL_Driver\Src\stm32f4xx_hal.o
 .debug_info    0x000009ef      0xf39 Drivers\STM32F4xx_HAL_Driver\Src\stm32f4xx_hal_cortex.o
 .debug_info    0x00001928      0x775 Drivers\STM32F4xx_HAL_Driver\Src\stm32f4xx_hal_gpio.o
 .debug_info    0x0000209d     0x334f Drivers\STM32F4xx_HAL_Driver\Src\stm32f4xx_hal_i2c.o
 .debug_info    0x000053ec      0xa57 Drivers\STM32F4xx_HAL_Driver\Src\stm32f4xx_hal_rcc.o
 .debug_info    0x00005e43     0x34cf Drivers\STM32F4xx_HAL_Driver\Src\stm32f4xx_hal_tim.o
 .debug_info    0x00009312     0x12fe Drivers\STM32F4xx_HAL_Driver\Src\stm32f4xx_hal_tim_ex.o
 .debug_info    0x0000a610     0x1578 Src\main.o
 .debug_info    0x0000bb88      0xf50 Src\stm32f4xx_hal_msp.o
 .debug_info    0x0000cad8      0x6b3 Src\stm32f4xx_it.o
 .debug_info    0x0000d18b      0x50a Src\system_stm32f4xx.o
 .debug_info    0x0000d695       0x79 startup\startup_stm32f407xx.o

.debug_abbrev   0x00000000     0x1b1d
 .debug_abbrev  0x00000000      0x23d Drivers\STM32F4xx_HAL_Driver\Src\stm32f4xx_hal.o
 .debug_abbrev  0x0000023d      0x314 Drivers\STM32F4xx_HAL_Driver\Src\stm32f4xx_hal_cortex.o
 .debug_abbrev  0x00000551      0x1ef Drivers\STM32F4xx_HAL_Driver\Src\stm32f4xx_hal_gpio.o
 .debug_abbrev  0x00000740      0x399 Drivers\STM32F4xx_HAL_Driver\Src\stm32f4xx_hal_i2c.o
 .debug_abbrev  0x00000ad9      0x2cb Drivers\STM32F4xx_HAL_Driver\Src\stm32f4xx_hal_rcc.o
 .debug_abbrev  0x00000da4      0x324 Drivers\STM32F4xx_HAL_Driver\Src\stm32f4xx_hal_tim.o
 .debug_abbrev  0x000010c8      0x29c Drivers\STM32F4xx_HAL_Driver\Src\stm32f4xx_hal_tim_ex.o
 .debug_abbrev  0x00001364      0x2f3 Src\main.o
 .debug_abbrev  0x00001657      0x1f1 Src\stm32f4xx_hal_msp.o
 .debug_abbrev  0x00001848      0x1b5 Src\stm32f4xx_it.o
 .debug_abbrev  0x000019fd      0x10e Src\system_stm32f4xx.o
 .debug_abbrev  0x00001b0b       0x12 startup\startup_stm32f407xx.o

.debug_loc      0x00000000     0x787b
 .debug_loc     0x00000000      0x11b Drivers\STM32F4xx_HAL_Driver\Src\stm32f4xx_hal.o
 .debug_loc     0x0000011b      0x4fb Drivers\STM32F4xx_HAL_Driver\Src\stm32f4xx_hal_cortex.o
 .debug_loc     0x00000616      0x36d Drivers\STM32F4xx_HAL_Driver\Src\stm32f4xx_hal_gpio.o
 .debug_loc     0x00000983     0x2f30 Drivers\STM32F4xx_HAL_Driver\Src\stm32f4xx_hal_i2c.o
 .debug_loc     0x000038b3      0x336 Drivers\STM32F4xx_HAL_Driver\Src\stm32f4xx_hal_rcc.o
 .debug_loc     0x00003be9     0x3009 Drivers\STM32F4xx_HAL_Driver\Src\stm32f4xx_hal_tim.o
 .debug_loc     0x00006bf2      0xa7c Drivers\STM32F4xx_HAL_Driver\Src\stm32f4xx_hal_tim_ex.o
 .debug_loc     0x0000766e       0x4c Src\main.o
 .debug_loc     0x000076ba       0xa5 Src\stm32f4xx_hal_msp.o
 .debug_loc     0x0000775f      0x11c Src\system_stm32f4xx.o

.debug_aranges  0x00000000      0x8b8
 .debug_aranges
                0x00000000       0xe8 Drivers\STM32F4xx_HAL_Driver\Src\stm32f4xx_hal.o
 .debug_aranges
                0x000000e8       0xa8 Drivers\STM32F4xx_HAL_Driver\Src\stm32f4xx_hal_cortex.o
 .debug_aranges
                0x00000190       0x58 Drivers\STM32F4xx_HAL_Driver\Src\stm32f4xx_hal_gpio.o
 .debug_aranges
                0x000001e8      0x1b0 Drivers\STM32F4xx_HAL_Driver\Src\stm32f4xx_hal_i2c.o
 .debug_aranges
                0x00000398       0x88 Drivers\STM32F4xx_HAL_Driver\Src\stm32f4xx_hal_rcc.o
 .debug_aranges
                0x00000420      0x278 Drivers\STM32F4xx_HAL_Driver\Src\stm32f4xx_hal_tim.o
 .debug_aranges
                0x00000698       0xf8 Drivers\STM32F4xx_HAL_Driver\Src\stm32f4xx_hal_tim_ex.o
 .debug_aranges
                0x00000790       0x48 Src\main.o
 .debug_aranges
                0x000007d8       0x40 Src\stm32f4xx_hal_msp.o
 .debug_aranges
                0x00000818       0x50 Src\stm32f4xx_it.o
 .debug_aranges
                0x00000868       0x28 Src\system_stm32f4xx.o
 .debug_aranges
                0x00000890       0x28 startup\startup_stm32f407xx.o

.debug_ranges   0x00000000      0xcb8
 .debug_ranges  0x00000000       0xd8 Drivers\STM32F4xx_HAL_Driver\Src\stm32f4xx_hal.o
 .debug_ranges  0x000000d8      0x128 Drivers\STM32F4xx_HAL_Driver\Src\stm32f4xx_hal_cortex.o
 .debug_ranges  0x00000200       0x68 Drivers\STM32F4xx_HAL_Driver\Src\stm32f4xx_hal_gpio.o
 .debug_ranges  0x00000268      0x3d0 Drivers\STM32F4xx_HAL_Driver\Src\stm32f4xx_hal_i2c.o
 .debug_ranges  0x00000638       0xb0 Drivers\STM32F4xx_HAL_Driver\Src\stm32f4xx_hal_rcc.o
 .debug_ranges  0x000006e8      0x340 Drivers\STM32F4xx_HAL_Driver\Src\stm32f4xx_hal_tim.o
 .debug_ranges  0x00000a28       0xe8 Drivers\STM32F4xx_HAL_Driver\Src\stm32f4xx_hal_tim_ex.o
 .debug_ranges  0x00000b10       0xd0 Src\main.o
 .debug_ranges  0x00000be0       0x60 Src\stm32f4xx_hal_msp.o
 .debug_ranges  0x00000c40       0x40 Src\stm32f4xx_it.o
 .debug_ranges  0x00000c80       0x18 Src\system_stm32f4xx.o
 .debug_ranges  0x00000c98       0x20 startup\startup_stm32f407xx.o

.debug_line     0x00000000     0x50e4
 .debug_line    0x00000000      0x41b Drivers\STM32F4xx_HAL_Driver\Src\stm32f4xx_hal.o
 .debug_line    0x0000041b      0x456 Drivers\STM32F4xx_HAL_Driver\Src\stm32f4xx_hal_cortex.o
 .debug_line    0x00000871      0x3e4 Drivers\STM32F4xx_HAL_Driver\Src\stm32f4xx_hal_gpio.o
 .debug_line    0x00000c55     0x1bf1 Drivers\STM32F4xx_HAL_Driver\Src\stm32f4xx_hal_i2c.o
 .debug_line    0x00002846      0x4f4 Drivers\STM32F4xx_HAL_Driver\Src\stm32f4xx_hal_rcc.o
 .debug_line    0x00002d3a     0x1183 Drivers\STM32F4xx_HAL_Driver\Src\stm32f4xx_hal_tim.o
 .debug_line    0x00003ebd      0x67d Drivers\STM32F4xx_HAL_Driver\Src\stm32f4xx_hal_tim_ex.o
 .debug_line    0x0000453a      0x404 Src\main.o
 .debug_line    0x0000493e      0x2c5 Src\stm32f4xx_hal_msp.o
 .debug_line    0x00004c03      0x284 Src\stm32f4xx_it.o
 .debug_line    0x00004e87      0x1de Src\system_stm32f4xx.o
 .debug_line    0x00005065       0x7f startup\startup_stm32f407xx.o

.debug_str      0x00000000     0x38f7
 .debug_str     0x00000000      0xb4d Drivers\STM32F4xx_HAL_Driver\Src\stm32f4xx_hal.o
                                0xbb6 (size before relaxing)
 .debug_str     0x00000b4d      0x4a8 Drivers\STM32F4xx_HAL_Driver\Src\stm32f4xx_hal_cortex.o
                                0xc81 (size before relaxing)
 .debug_str     0x00000ff5      0x1d8 Drivers\STM32F4xx_HAL_Driver\Src\stm32f4xx_hal_gpio.o
                                0x547 (size before relaxing)
 .debug_str     0x000011cd      0xd6a Drivers\STM32F4xx_HAL_Driver\Src\stm32f4xx_hal_i2c.o
                               0x1054 (size before relaxing)
 .debug_str     0x00001f37      0x2c9 Drivers\STM32F4xx_HAL_Driver\Src\stm32f4xx_hal_rcc.o
                                0x71a (size before relaxing)
 .debug_str     0x00002200      0xff0 Drivers\STM32F4xx_HAL_Driver\Src\stm32f4xx_hal_tim.o
                               0x1524 (size before relaxing)
 .debug_str     0x000031f0      0x548 Drivers\STM32F4xx_HAL_Driver\Src\stm32f4xx_hal_tim_ex.o
                                0xd3c (size before relaxing)
 .debug_str     0x00003738       0x9f Src\main.o
                                0xd6c (size before relaxing)
 .debug_str     0x000037d7       0x25 Src\stm32f4xx_hal_msp.o
                               0x1009 (size before relaxing)
 .debug_str     0x000037fc       0xb6 Src\stm32f4xx_it.o
                                0x6ff (size before relaxing)
 .debug_str     0x000038b2       0x45 Src\system_stm32f4xx.o
                                0x3ab (size before relaxing)

.comment        0x00000000       0x7c
 .comment       0x00000000       0x7c Drivers\STM32F4xx_HAL_Driver\Src\stm32f4xx_hal.o
                                 0x7d (size before relaxing)
 .comment       0x0000007c       0x7d Drivers\STM32F4xx_HAL_Driver\Src\stm32f4xx_hal_cortex.o
 .comment       0x0000007c       0x7d Drivers\STM32F4xx_HAL_Driver\Src\stm32f4xx_hal_gpio.o
 .comment       0x0000007c       0x7d Drivers\STM32F4xx_HAL_Driver\Src\stm32f4xx_hal_i2c.o
 .comment       0x0000007c       0x7d Drivers\STM32F4xx_HAL_Driver\Src\stm32f4xx_hal_rcc.o
 .comment       0x0000007c       0x7d Drivers\STM32F4xx_HAL_Driver\Src\stm32f4xx_hal_tim.o
 .comment       0x0000007c       0x7d Drivers\STM32F4xx_HAL_Driver\Src\stm32f4xx_hal_tim_ex.o
 .comment       0x0000007c       0x7d Src\main.o
 .comment       0x0000007c       0x7d Src\stm32f4xx_hal_msp.o
 .comment       0x0000007c       0x7d Src\stm32f4xx_it.o
 .comment       0x0000007c       0x7d Src\system_stm32f4xx.o

.debug_frame    0x00000000     0x1bc0
 .debug_frame   0x00000000      0x1f0 Drivers\STM32F4xx_HAL_Driver\Src\stm32f4xx_hal.o
 .debug_frame   0x000001f0      0x158 Drivers\STM32F4xx_HAL_Driver\Src\stm32f4xx_hal_cortex.o
 .debug_frame   0x00000348       0xd8 Drivers\STM32F4xx_HAL_Driver\Src\stm32f4xx_hal_gpio.o
 .debug_frame   0x00000420      0x704 Drivers\STM32F4xx_HAL_Driver\Src\stm32f4xx_hal_i2c.o
 .debug_frame   0x00000b24      0x13c Drivers\STM32F4xx_HAL_Driver\Src\stm32f4xx_hal_rcc.o
 .debug_frame   0x00000c60      0x928 Drivers\STM32F4xx_HAL_Driver\Src\stm32f4xx_hal_tim.o
 .debug_frame   0x00001588      0x360 Drivers\STM32F4xx_HAL_Driver\Src\stm32f4xx_hal_tim_ex.o
 .debug_frame   0x000018e8       0xc4 Src\main.o
 .debug_frame   0x000019ac       0x80 Src\stm32f4xx_hal_msp.o
 .debug_frame   0x00001a2c       0xb0 Src\stm32f4xx_it.o
 .debug_frame   0x00001adc       0x38 Src\system_stm32f4xx.o
 .debug_frame   0x00001b14       0x2c c:/program files (x86)/atollic/truestudio for stm32 9.3.0/armtools/bin/../lib/gcc/arm-atollic-eabi/6.3.1/../../../../arm-atollic-eabi/lib/armv7e-m/fpu\libc_nano.a(lib_a-init.o)
 .debug_frame   0x00001b40       0x20 c:/program files (x86)/atollic/truestudio for stm32 9.3.0/armtools/bin/../lib/gcc/arm-atollic-eabi/6.3.1/../../../../arm-atollic-eabi/lib/armv7e-m/fpu\libc_nano.a(lib_a-memset.o)
 .debug_frame   0x00001b60       0x2c c:/program files (x86)/atollic/truestudio for stm32 9.3.0/armtools/bin/../lib/gcc/arm-atollic-eabi/6.3.1/armv7e-m/fpu\libgcc.a(_aeabi_uldivmod.o)
 .debug_frame   0x00001b8c       0x34 c:/program files (x86)/atollic/truestudio for stm32 9.3.0/armtools/bin/../lib/gcc/arm-atollic-eabi/6.3.1/armv7e-m/fpu\libgcc.a(_udivmoddi4.o)
